=== date ===
Tue Oct  6 06:16:45 UTC 2026
=== java ===
openjdk version "17.0.20.1" 2026-08-18
OpenJDK Runtime Environment Temurin-17.0.20.1+1 (build 17.0.20.1+1)
OpenJDK 64-Bit Server VM Temurin-17.0.20.1+1 (build 17.0.20.1+1, mixed mode, sharing)
=== environment ===
ANDROID_HOME=/usr/local/lib/android/sdk
ANDROID_SDK_ROOT=/usr/local/lib/android/sdk
=== sdkmanager ===
/home/runner/work/_temp/af7c8aaf-edc1-4b1e-b98c-9d6c5deed4a0.sh: line 14: sdkmanager: command not found
=== install sdk ===
/home/runner/work/_temp/af7c8aaf-edc1-4b1e-b98c-9d6c5deed4a0.sh: line 16: sdkmanager: command not found
yes: standard output: Broken pipe
/home/runner/work/_temp/af7c8aaf-edc1-4b1e-b98c-9d6c5deed4a0.sh: line 17: sdkmanager: command not found
=== gradle ===

Welcome to Gradle 9.8.0!

Here are the highlights of this release:
 - Java 27 support
 - Maven mirror settings reuse
 - Linked problem locations in build output

For more details see https://docs.gradle.org/9.8.0/release-notes.html


------------------------------------------------------------
Gradle 9.8.0
------------------------------------------------------------

Build time:    2026-09-24 13:40:00 UTC
Revision:      a927be5e08efe79e0b87ada06c762dde6bb9f8b8

Kotlin:        2.4.10
Groovy:        4.0.33
Ant:           Apache Ant(TM) version 1.10.17 compiled on April 6 2026
Launcher JVM:  17.0.20.1 (Eclipse Adoptium 17.0.20.1+1)
Daemon JVM:    /usr/lib/jvm/temurin-17-jdk-amd64 (no Daemon JVM specified, using current Java home)
OS:            Linux 6.17.0-1022-azure amd64

=== android build ===
To honour the JVM settings for this build a single-use Daemon process will be forked. For more on this, please refer to https://docs.gradle.org/9.8.0/userguide/gradle_daemon.html#sec:disabling_the_daemon in the Gradle documentation.
Daemon will be stopped at the end of the build 
> Task :app:preBuild UP-TO-DATE
> Task :app:preDebugBuild UP-TO-DATE
> Task :app:mergeDebugNativeDebugMetadata NO-SOURCE
> Task :app:checkKotlinGradlePluginConfigurationErrors SKIPPED
> Task :app:generateDebugResValues
> Task :app:checkDebugAarMetadata
> Task :app:mapDebugSourceSetPaths
> Task :app:generateDebugResources
> Task :app:packageDebugResources
> Task :app:mergeDebugResources
> Task :app:createDebugCompatibleScreenManifests
> Task :app:extractDeepLinksDebug
> Task :app:parseDebugLocalResources
> Task :app:processDebugMainManifest
> Task :app:processDebugManifest
> Task :app:javaPreCompileDebug
> Task :app:mergeDebugShaders
> Task :app:compileDebugShaders NO-SOURCE
> Task :app:generateDebugAssets UP-TO-DATE
> Task :app:mergeDebugAssets
> Task :app:compressDebugAssets
> Task :app:desugarDebugFileDependencies
> Task :app:mergeDebugJniLibFolders
> Task :app:checkDebugDuplicateClasses
> Task :app:mergeDebugNativeLibs NO-SOURCE
> Task :app:stripDebugDebugSymbols NO-SOURCE
> Task :app:processDebugManifestForPackage
> Task :app:mergeLibDexDebug
> Task :app:mergeExtDexDebug
> Task :app:processDebugResources
> Task :app:validateSigningDebug
> Task :app:writeDebugAppMetadata
> Task :app:writeDebugSigningConfigVersions
> Task :app:compileDebugKotlin
> Task :app:compileDebugJavaWithJavac NO-SOURCE
> Task :app:dexBuilderDebug
> Task :app:mergeDebugGlobalSynthetics
> Task :app:processDebugJavaRes
> Task :app:mergeProjectDexDebug
> Task :app:mergeDebugJavaResource
> Task :app:packageDebug
> Task :app:createDebugApkListingFileRedirect
> Task :app:assembleDebug

[Incubating] Problems report is available at: file:///home/runner/work/adaptive-keyboard/adaptive-keyboard/src/build/reports/problems/problems-report.html

Deprecated Gradle features were used in this build, making it incompatible with Gradle 10.

You can use '--warning-mode all' to show the individual deprecation warnings and determine if they come from your own scripts or plugins.

For more on this, please refer to https://docs.gradle.org/9.8.0/userguide/command_line_interface.html#sec:command_line_warnings in the Gradle documentation.

BUILD SUCCESSFUL in 1m 15s
33 actionable tasks: 33 executed
Consider enabling configuration cache to speed up this build: https://docs.gradle.org/9.8.0/userguide/configuration_cache_enabling.html
BUILD_EXIT_CODE=0
